// Jest Snapshot v1, https://goo.gl/fbAQLP

exports[`TEst for Home component Home snapShot test 1`] = `
<div
  className="App"
>
  <div>
    <h2>
      Lets do some math!
    </h2>
  </div>
  <div
    className="container"
  >
    <div
      className="output"
    >
      <p>
         0
      </p>
    </div>
    <div
      className="input"
    >
      <div
        className="section-button"
      >
        <button
          className="operation"
          onClick={[Function]}
          type="button"
        >
          AC
        </button>
        <button
          className="operation"
          onClick={[Function]}
          type="button"
        >
          +/-
        </button>
        <button
          className="operation"
          onClick={[Function]}
          type="button"
        >
          %
        </button>
        <button
          className="operation colored"
          onClick={[Function]}
          type="button"
        >
          ÷
        </button>
      </div>
      <div
        className="section-button"
      >
        <button
          className="operation"
          onClick={[Function]}
          type="button"
        >
          7
        </button>
        <button
          className="operation"
          onClick={[Function]}
          type="button"
        >
          8
        </button>
        <button
          className="operation"
          onClick={[Function]}
          type="button"
        >
          9
        </button>
        <button
          className="operation colored"
          onClick={[Function]}
          type="button"
        >
          x
        </button>
      </div>
      <div
        className="section-button"
      >
        <button
          className="operation"
          onClick={[Function]}
          type="button"
        >
          4
        </button>
        <button
          className="operation"
          onClick={[Function]}
          type="button"
        >
          5
        </button>
        <button
          className="operation"
          onClick={[Function]}
          type="button"
        >
          6
        </button>
        <button
          className="operation colored"
          onClick={[Function]}
          type="button"
        >
          -
        </button>
      </div>
      <div
        className="section-button"
      >
        <button
          className="operation"
          onClick={[Function]}
          type="button"
        >
          1
        </button>
        <button
          className="operation"
          onClick={[Function]}
          type="button"
        >
          2
        </button>
        <button
          className="operation"
          onClick={[Function]}
          type="button"
        >
          3
        </button>
        <button
          className="operation colored"
          onClick={[Function]}
          type="button"
        >
          +
        </button>
      </div>
      <div
        className="section-button"
      >
        <button
          className="operation zero"
          onClick={[Function]}
          type="button"
        >
          0
        </button>
        <button
          className="operation"
          onClick={[Function]}
          type="button"
        >
          .
        </button>
        <button
          className="operation colored"
          onClick={[Function]}
          type="button"
        >
          =
        </button>
      </div>
    </div>
  </div>
</div>
`;
