// Jest Snapshot v1, https://goo.gl/fbAQLP

exports[`Test Nav Bar Component Testing Nav Bar SnapSjot  1`] = `
<header
  className="header"
  data-testid="nav-data"
>
  <div>
    Math Magicians
  </div>
  <nav>
    <ul>
      <li>
        <a
          href="/"
          onClick={[Function]}
        >
           Home 
        </a>
        <span>
          |
        </span>
      </li>
      <li>
        <a
          href="/calculator"
          onClick={[Function]}
        >
          Calculator
        </a>
        <span>
          |
        </span>
      </li>
      <li>
        <a
          href="/quote"
          onClick={[Function]}
        >
          Quote
        </a>
      </li>
    </ul>
  </nav>
</header>
`;
